metal00 metal metal/metal.00000.au
metal01 metal metal/metal.00001.au
metal02 metal metal/metal.00002.au
metal03 metal metal/metal.00003.au
metal04 metal metal/metal.00004.au
metal05 metal metal/metal.00005.au
metal06 metal metal/metal.00006.au
metal07 metal metal/metal.00007.au
metal08 metal metal/metal.00008.au
metal09 metal metal/metal.00009.au
metal10 metal metal/metal.00010.au
metal11 metal metal/metal.00011.au
metal12 metal metal/metal.00012.au
metal13 metal metal/metal.00013.au
metal14 metal metal/metal.00014.au
metal15 metal metal/metal.00015.au
metal16 metal metal/metal.00016.au
metal17 metal metal/metal.00017.au
metal18 metal metal/metal.00018.au
metal19 metal metal/metal.00019.au
metal20 metal metal/metal.00020.au
metal21 metal metal/metal.00021.au
metal22 metal metal/metal.00022.au
metal23 metal metal/metal.00023.au
metal24 metal metal/metal.00024.au
metal25 metal metal/metal.00025.au
metal26 metal metal/metal.00026.au
metal27 metal metal/metal.00027.au
metal28 metal metal/metal.00028.au
metal29 metal metal/metal.00029.au
metal30 metal metal/metal.00030.au
metal31 metal metal/metal.00031.au
metal32 metal metal/metal.00032.au
metal33 metal metal/metal.00033.au
metal34 metal metal/metal.00034.au
metal35 metal metal/metal.00035.au
metal36 metal metal/metal.00036.au
metal37 metal metal/metal.00037.au
metal38 metal metal/metal.00038.au
metal39 metal metal/metal.00039.au
metal40 metal metal/metal.00040.au
metal41 metal metal/metal.00041.au
metal42 metal metal/metal.00042.au
metal43 metal metal/metal.00043.au
metal44 metal metal/metal.00044.au
metal45 metal metal/metal.00045.au
metal46 metal metal/metal.00046.au
metal47 metal metal/metal.00047.au
metal48 metal metal/metal.00048.au
metal49 metal metal/metal.00049.au
metal50 metal metal/metal.00050.au
metal51 metal metal/metal.00051.au
metal52 metal metal/metal.00052.au
metal53 metal metal/metal.00053.au
metal54 metal metal/metal.00054.au
metal55 metal metal/metal.00055.au
metal56 metal metal/metal.00056.au
metal57 metal metal/metal.00057.au
metal58 metal metal/metal.00058.au
metal59 metal metal/metal.00059.au
metal60 metal metal/metal.00060.au
metal61 metal metal/metal.00061.au
metal62 metal metal/metal.00062.au
metal63 metal metal/metal.00063.au
metal64 metal metal/metal.00064.au
metal65 metal metal/metal.00065.au
metal66 metal metal/metal.00066.au
metal67 metal metal/metal.00067.au
metal68 metal metal/metal.00068.au
metal69 metal metal/metal.00069.au
metal70 metal metal/metal.00070.au
metal71 metal metal/metal.00071.au
metal72 metal metal/metal.00072.au
metal73 metal metal/metal.00073.au
metal74 metal metal/metal.00074.au
metal75 metal metal/metal.00075.au
metal76 metal metal/metal.00076.au
metal77 metal metal/metal.00077.au
metal78 metal metal/metal.00078.au
metal79 metal metal/metal.00079.au
metal80 metal metal/metal.00080.au
metal81 metal metal/metal.00081.au
metal82 metal metal/metal.00082.au
metal83 metal metal/metal.00083.au
metal84 metal metal/metal.00084.au
metal85 metal metal/metal.00085.au
metal86 metal metal/metal.00086.au
metal87 metal metal/metal.00087.au
metal88 metal metal/metal.00088.au
metal89 metal metal/metal.00089.au
metal90 metal metal/metal.00090.au
metal91 metal metal/metal.00091.au
metal92 metal metal/metal.00092.au
metal93 metal metal/metal.00093.au
metal94 metal metal/metal.00094.au
metal95 metal metal/metal.00095.au
metal96 metal metal/metal.00096.au
metal97 metal metal/metal.00097.au
metal98 metal metal/metal.00098.au
metal99 metal metal/metal.00099.au
rock00 rock rock/rock.00000.au
rock01 rock rock/rock.00001.au
rock02 rock rock/rock.00002.au
rock03 rock rock/rock.00003.au
rock04 rock rock/rock.00004.au
rock05 rock rock/rock.00005.au
rock06 rock rock/rock.00006.au
rock07 rock rock/rock.00007.au
rock08 rock rock/rock.00008.au
rock09 rock rock/rock.00009.au
rock10 rock rock/rock.00010.au
rock11 rock rock/rock.00011.au
rock12 rock rock/rock.00012.au
rock13 rock rock/rock.00013.au
rock14 rock rock/rock.00014.au
rock15 rock rock/rock.00015.au
rock16 rock rock/rock.00016.au
rock17 rock rock/rock.00017.au
rock18 rock rock/rock.00018.au
rock19 rock rock/rock.00019.au
rock20 rock rock/rock.00020.au
rock21 rock rock/rock.00021.au
rock22 rock rock/rock.00022.au
rock23 rock rock/rock.00023.au
rock24 rock rock/rock.00024.au
rock25 rock rock/rock.00025.au
rock26 rock rock/rock.00026.au
rock27 rock rock/rock.00027.au
rock28 rock rock/rock.00028.au
rock29 rock rock/rock.00029.au
rock30 rock rock/rock.00030.au
rock31 rock rock/rock.00031.au
rock32 rock rock/rock.00032.au
rock33 rock rock/rock.00033.au
rock34 rock rock/rock.00034.au
rock35 rock rock/rock.00035.au
rock36 rock rock/rock.00036.au
rock37 rock rock/rock.00037.au
rock38 rock rock/rock.00038.au
rock39 rock rock/rock.00039.au
rock40 rock rock/rock.00040.au
rock41 rock rock/rock.00041.au
rock42 rock rock/rock.00042.au
rock43 rock rock/rock.00043.au
rock44 rock rock/rock.00044.au
rock45 rock rock/rock.00045.au
rock46 rock rock/rock.00046.au
rock47 rock rock/rock.00047.au
rock48 rock rock/rock.00048.au
rock49 rock rock/rock.00049.au
rock50 rock rock/rock.00050.au
rock51 rock rock/rock.00051.au
rock52 rock rock/rock.00052.au
rock53 rock rock/rock.00053.au
rock54 rock rock/rock.00054.au
rock55 rock rock/rock.00055.au
rock56 rock rock/rock.00056.au
rock57 rock rock/rock.00057.au
rock58 rock rock/rock.00058.au
rock59 rock rock/rock.00059.au
rock60 rock rock/rock.00060.au
rock61 rock rock/rock.00061.au
rock62 rock rock/rock.00062.au
rock63 rock rock/rock.00063.au
rock64 rock rock/rock.00064.au
rock65 rock rock/rock.00065.au
rock66 rock rock/rock.00066.au
rock67 rock rock/rock.00067.au
rock68 rock rock/rock.00068.au
rock69 rock rock/rock.00069.au
rock70 rock rock/rock.00070.au
rock71 rock rock/rock.00071.au
rock72 rock rock/rock.00072.au
rock73 rock rock/rock.00073.au
rock74 rock rock/rock.00074.au
rock75 rock rock/rock.00075.au
rock76 rock rock/rock.00076.au
rock77 rock rock/rock.00077.au
rock78 rock rock/rock.00078.au
rock79 rock rock/rock.00079.au
rock80 rock rock/rock.00080.au
rock81 rock rock/rock.00081.au
rock82 rock rock/rock.00082.au
rock83 rock rock/rock.00083.au
rock84 rock rock/rock.00084.au
rock85 rock rock/rock.00085.au
rock86 rock rock/rock.00086.au
rock87 rock rock/rock.00087.au
rock88 rock rock/rock.00088.au
rock89 rock rock/rock.00089.au
rock90 rock rock/rock.00090.au
rock91 rock rock/rock.00091.au
rock92 rock rock/rock.00092.au
rock93 rock rock/rock.00093.au
rock94 rock rock/rock.00094.au
rock95 rock rock/rock.00095.au
rock96 rock rock/rock.00096.au
rock97 rock rock/rock.00097.au
rock98 rock rock/rock.00098.au
rock99 rock rock/rock.00099.au
