blues00 blues blues/blues.00000.au
blues01 blues blues/blues.00001.au
blues02 blues blues/blues.00002.au
blues03 blues blues/blues.00003.au
blues04 blues blues/blues.00004.au
blues05 blues blues/blues.00005.au
blues06 blues blues/blues.00006.au
blues07 blues blues/blues.00007.au
blues08 blues blues/blues.00008.au
blues09 blues blues/blues.00009.au
blues10 blues blues/blues.00010.au
blues11 blues blues/blues.00011.au
blues12 blues blues/blues.00012.au
blues13 blues blues/blues.00013.au
blues14 blues blues/blues.00014.au
blues15 blues blues/blues.00015.au
blues16 blues blues/blues.00016.au
blues17 blues blues/blues.00017.au
blues18 blues blues/blues.00018.au
blues19 blues blues/blues.00019.au
blues20 blues blues/blues.00020.au
blues21 blues blues/blues.00021.au
blues22 blues blues/blues.00022.au
blues23 blues blues/blues.00023.au
blues24 blues blues/blues.00024.au
blues25 blues blues/blues.00025.au
blues26 blues blues/blues.00026.au
blues27 blues blues/blues.00027.au
blues28 blues blues/blues.00028.au
blues29 blues blues/blues.00029.au
blues30 blues blues/blues.00030.au
blues31 blues blues/blues.00031.au
blues32 blues blues/blues.00032.au
blues33 blues blues/blues.00033.au
blues34 blues blues/blues.00034.au
blues35 blues blues/blues.00035.au
blues36 blues blues/blues.00036.au
blues37 blues blues/blues.00037.au
blues38 blues blues/blues.00038.au
blues39 blues blues/blues.00039.au
blues40 blues blues/blues.00040.au
blues41 blues blues/blues.00041.au
blues42 blues blues/blues.00042.au
blues43 blues blues/blues.00043.au
blues44 blues blues/blues.00044.au
blues45 blues blues/blues.00045.au
blues46 blues blues/blues.00046.au
blues47 blues blues/blues.00047.au
blues48 blues blues/blues.00048.au
blues49 blues blues/blues.00049.au
blues50 blues blues/blues.00050.au
blues51 blues blues/blues.00051.au
blues52 blues blues/blues.00052.au
blues53 blues blues/blues.00053.au
blues54 blues blues/blues.00054.au
blues55 blues blues/blues.00055.au
blues56 blues blues/blues.00056.au
blues57 blues blues/blues.00057.au
blues58 blues blues/blues.00058.au
blues59 blues blues/blues.00059.au
blues60 blues blues/blues.00060.au
blues61 blues blues/blues.00061.au
blues62 blues blues/blues.00062.au
blues63 blues blues/blues.00063.au
blues64 blues blues/blues.00064.au
blues65 blues blues/blues.00065.au
blues66 blues blues/blues.00066.au
blues67 blues blues/blues.00067.au
blues68 blues blues/blues.00068.au
blues69 blues blues/blues.00069.au
blues70 blues blues/blues.00070.au
blues71 blues blues/blues.00071.au
blues72 blues blues/blues.00072.au
blues73 blues blues/blues.00073.au
blues74 blues blues/blues.00074.au
blues75 blues blues/blues.00075.au
blues76 blues blues/blues.00076.au
blues77 blues blues/blues.00077.au
blues78 blues blues/blues.00078.au
blues79 blues blues/blues.00079.au
blues80 blues blues/blues.00080.au
blues81 blues blues/blues.00081.au
blues82 blues blues/blues.00082.au
blues83 blues blues/blues.00083.au
blues84 blues blues/blues.00084.au
blues85 blues blues/blues.00085.au
blues86 blues blues/blues.00086.au
blues87 blues blues/blues.00087.au
blues88 blues blues/blues.00088.au
blues89 blues blues/blues.00089.au
blues90 blues blues/blues.00090.au
blues91 blues blues/blues.00091.au
blues92 blues blues/blues.00092.au
blues93 blues blues/blues.00093.au
blues94 blues blues/blues.00094.au
blues95 blues blues/blues.00095.au
blues96 blues blues/blues.00096.au
blues97 blues blues/blues.00097.au
blues98 blues blues/blues.00098.au
blues99 blues blues/blues.00099.au
classical00 classical classical/classical.00000.au
classical01 classical classical/classical.00001.au
classical02 classical classical/classical.00002.au
classical03 classical classical/classical.00003.au
classical04 classical classical/classical.00004.au
classical05 classical classical/classical.00005.au
classical06 classical classical/classical.00006.au
classical07 classical classical/classical.00007.au
classical08 classical classical/classical.00008.au
classical09 classical classical/classical.00009.au
classical10 classical classical/classical.00010.au
classical11 classical classical/classical.00011.au
classical12 classical classical/classical.00012.au
classical13 classical classical/classical.00013.au
classical14 classical classical/classical.00014.au
classical15 classical classical/classical.00015.au
classical16 classical classical/classical.00016.au
classical17 classical classical/classical.00017.au
classical18 classical classical/classical.00018.au
classical19 classical classical/classical.00019.au
classical20 classical classical/classical.00020.au
classical21 classical classical/classical.00021.au
classical22 classical classical/classical.00022.au
classical23 classical classical/classical.00023.au
classical24 classical classical/classical.00024.au
classical25 classical classical/classical.00025.au
classical26 classical classical/classical.00026.au
classical27 classical classical/classical.00027.au
classical28 classical classical/classical.00028.au
classical29 classical classical/classical.00029.au
classical30 classical classical/classical.00030.au
classical31 classical classical/classical.00031.au
classical32 classical classical/classical.00032.au
classical33 classical classical/classical.00033.au
classical34 classical classical/classical.00034.au
classical35 classical classical/classical.00035.au
classical36 classical classical/classical.00036.au
classical37 classical classical/classical.00037.au
classical38 classical classical/classical.00038.au
classical39 classical classical/classical.00039.au
classical40 classical classical/classical.00040.au
classical41 classical classical/classical.00041.au
classical42 classical classical/classical.00042.au
classical43 classical classical/classical.00043.au
classical44 classical classical/classical.00044.au
classical45 classical classical/classical.00045.au
classical46 classical classical/classical.00046.au
classical47 classical classical/classical.00047.au
classical48 classical classical/classical.00048.au
classical49 classical classical/classical.00049.au
classical50 classical classical/classical.00050.au
classical51 classical classical/classical.00051.au
classical52 classical classical/classical.00052.au
classical53 classical classical/classical.00053.au
classical54 classical classical/classical.00054.au
classical55 classical classical/classical.00055.au
classical56 classical classical/classical.00056.au
classical57 classical classical/classical.00057.au
classical58 classical classical/classical.00058.au
classical59 classical classical/classical.00059.au
classical60 classical classical/classical.00060.au
classical61 classical classical/classical.00061.au
classical62 classical classical/classical.00062.au
classical63 classical classical/classical.00063.au
classical64 classical classical/classical.00064.au
classical65 classical classical/classical.00065.au
classical66 classical classical/classical.00066.au
classical67 classical classical/classical.00067.au
classical68 classical classical/classical.00068.au
classical69 classical classical/classical.00069.au
classical70 classical classical/classical.00070.au
classical71 classical classical/classical.00071.au
classical72 classical classical/classical.00072.au
classical73 classical classical/classical.00073.au
classical74 classical classical/classical.00074.au
classical75 classical classical/classical.00075.au
classical76 classical classical/classical.00076.au
classical77 classical classical/classical.00077.au
classical78 classical classical/classical.00078.au
classical79 classical classical/classical.00079.au
classical80 classical classical/classical.00080.au
classical81 classical classical/classical.00081.au
classical82 classical classical/classical.00082.au
classical83 classical classical/classical.00083.au
classical84 classical classical/classical.00084.au
classical85 classical classical/classical.00085.au
classical86 classical classical/classical.00086.au
classical87 classical classical/classical.00087.au
classical88 classical classical/classical.00088.au
classical89 classical classical/classical.00089.au
classical90 classical classical/classical.00090.au
classical91 classical classical/classical.00091.au
classical92 classical classical/classical.00092.au
classical93 classical classical/classical.00093.au
classical94 classical classical/classical.00094.au
classical95 classical classical/classical.00095.au
classical96 classical classical/classical.00096.au
classical97 classical classical/classical.00097.au
classical98 classical classical/classical.00098.au
classical99 classical classical/classical.00099.au
country00 country country/country.00000.au
country01 country country/country.00001.au
country02 country country/country.00002.au
country03 country country/country.00003.au
country04 country country/country.00004.au
country05 country country/country.00005.au
country06 country country/country.00006.au
country07 country country/country.00007.au
country08 country country/country.00008.au
country09 country country/country.00009.au
country10 country country/country.00010.au
country11 country country/country.00011.au
country12 country country/country.00012.au
country13 country country/country.00013.au
country14 country country/country.00014.au
country15 country country/country.00015.au
country16 country country/country.00016.au
country17 country country/country.00017.au
country18 country country/country.00018.au
country19 country country/country.00019.au
country20 country country/country.00020.au
country21 country country/country.00021.au
country22 country country/country.00022.au
country23 country country/country.00023.au
country24 country country/country.00024.au
country25 country country/country.00025.au
country26 country country/country.00026.au
country27 country country/country.00027.au
country28 country country/country.00028.au
country29 country country/country.00029.au
country30 country country/country.00030.au
country31 country country/country.00031.au
country32 country country/country.00032.au
country33 country country/country.00033.au
country34 country country/country.00034.au
country35 country country/country.00035.au
country36 country country/country.00036.au
country37 country country/country.00037.au
country38 country country/country.00038.au
country39 country country/country.00039.au
country40 country country/country.00040.au
country41 country country/country.00041.au
country42 country country/country.00042.au
country43 country country/country.00043.au
country44 country country/country.00044.au
country45 country country/country.00045.au
country46 country country/country.00046.au
country47 country country/country.00047.au
country48 country country/country.00048.au
country49 country country/country.00049.au
country50 country country/country.00050.au
country51 country country/country.00051.au
country52 country country/country.00052.au
country53 country country/country.00053.au
country54 country country/country.00054.au
country55 country country/country.00055.au
country56 country country/country.00056.au
country57 country country/country.00057.au
country58 country country/country.00058.au
country59 country country/country.00059.au
country60 country country/country.00060.au
country61 country country/country.00061.au
country62 country country/country.00062.au
country63 country country/country.00063.au
country64 country country/country.00064.au
country65 country country/country.00065.au
country66 country country/country.00066.au
country67 country country/country.00067.au
country68 country country/country.00068.au
country69 country country/country.00069.au
country70 country country/country.00070.au
country71 country country/country.00071.au
country72 country country/country.00072.au
country73 country country/country.00073.au
country74 country country/country.00074.au
country75 country country/country.00075.au
country76 country country/country.00076.au
country77 country country/country.00077.au
country78 country country/country.00078.au
country79 country country/country.00079.au
country80 country country/country.00080.au
country81 country country/country.00081.au
country82 country country/country.00082.au
country83 country country/country.00083.au
country84 country country/country.00084.au
country85 country country/country.00085.au
country86 country country/country.00086.au
country87 country country/country.00087.au
country88 country country/country.00088.au
country89 country country/country.00089.au
country90 country country/country.00090.au
country91 country country/country.00091.au
country92 country country/country.00092.au
country93 country country/country.00093.au
country94 country country/country.00094.au
country95 country country/country.00095.au
country96 country country/country.00096.au
country97 country country/country.00097.au
country98 country country/country.00098.au
country99 country country/country.00099.au
disco00 disco disco/disco.00000.au
disco01 disco disco/disco.00001.au
disco02 disco disco/disco.00002.au
disco03 disco disco/disco.00003.au
disco04 disco disco/disco.00004.au
disco05 disco disco/disco.00005.au
disco06 disco disco/disco.00006.au
disco07 disco disco/disco.00007.au
disco08 disco disco/disco.00008.au
disco09 disco disco/disco.00009.au
disco10 disco disco/disco.00010.au
disco11 disco disco/disco.00011.au
disco12 disco disco/disco.00012.au
disco13 disco disco/disco.00013.au
disco14 disco disco/disco.00014.au
disco15 disco disco/disco.00015.au
disco16 disco disco/disco.00016.au
disco17 disco disco/disco.00017.au
disco18 disco disco/disco.00018.au
disco19 disco disco/disco.00019.au
disco20 disco disco/disco.00020.au
disco21 disco disco/disco.00021.au
disco22 disco disco/disco.00022.au
disco23 disco disco/disco.00023.au
disco24 disco disco/disco.00024.au
disco25 disco disco/disco.00025.au
disco26 disco disco/disco.00026.au
disco27 disco disco/disco.00027.au
disco28 disco disco/disco.00028.au
disco29 disco disco/disco.00029.au
disco30 disco disco/disco.00030.au
disco31 disco disco/disco.00031.au
disco32 disco disco/disco.00032.au
disco33 disco disco/disco.00033.au
disco34 disco disco/disco.00034.au
disco35 disco disco/disco.00035.au
disco36 disco disco/disco.00036.au
disco37 disco disco/disco.00037.au
disco38 disco disco/disco.00038.au
disco39 disco disco/disco.00039.au
disco40 disco disco/disco.00040.au
disco41 disco disco/disco.00041.au
disco42 disco disco/disco.00042.au
disco43 disco disco/disco.00043.au
disco44 disco disco/disco.00044.au
disco45 disco disco/disco.00045.au
disco46 disco disco/disco.00046.au
disco47 disco disco/disco.00047.au
disco48 disco disco/disco.00048.au
disco49 disco disco/disco.00049.au
disco50 disco disco/disco.00050.au
disco51 disco disco/disco.00051.au
disco52 disco disco/disco.00052.au
disco53 disco disco/disco.00053.au
disco54 disco disco/disco.00054.au
disco55 disco disco/disco.00055.au
disco56 disco disco/disco.00056.au
disco57 disco disco/disco.00057.au
disco58 disco disco/disco.00058.au
disco59 disco disco/disco.00059.au
disco60 disco disco/disco.00060.au
disco61 disco disco/disco.00061.au
disco62 disco disco/disco.00062.au
disco63 disco disco/disco.00063.au
disco64 disco disco/disco.00064.au
disco65 disco disco/disco.00065.au
disco66 disco disco/disco.00066.au
disco67 disco disco/disco.00067.au
disco68 disco disco/disco.00068.au
disco69 disco disco/disco.00069.au
disco70 disco disco/disco.00070.au
disco71 disco disco/disco.00071.au
disco72 disco disco/disco.00072.au
disco73 disco disco/disco.00073.au
disco74 disco disco/disco.00074.au
disco75 disco disco/disco.00075.au
disco76 disco disco/disco.00076.au
disco77 disco disco/disco.00077.au
disco78 disco disco/disco.00078.au
disco79 disco disco/disco.00079.au
disco80 disco disco/disco.00080.au
disco81 disco disco/disco.00081.au
disco82 disco disco/disco.00082.au
disco83 disco disco/disco.00083.au
disco84 disco disco/disco.00084.au
disco85 disco disco/disco.00085.au
disco86 disco disco/disco.00086.au
disco87 disco disco/disco.00087.au
disco88 disco disco/disco.00088.au
disco89 disco disco/disco.00089.au
disco90 disco disco/disco.00090.au
disco91 disco disco/disco.00091.au
disco92 disco disco/disco.00092.au
disco93 disco disco/disco.00093.au
disco94 disco disco/disco.00094.au
disco95 disco disco/disco.00095.au
disco96 disco disco/disco.00096.au
disco97 disco disco/disco.00097.au
disco98 disco disco/disco.00098.au
disco99 disco disco/disco.00099.au
hiphop00 hiphop hiphop/hiphop.00000.au
hiphop01 hiphop hiphop/hiphop.00001.au
hiphop02 hiphop hiphop/hiphop.00002.au
hiphop03 hiphop hiphop/hiphop.00003.au
hiphop04 hiphop hiphop/hiphop.00004.au
hiphop05 hiphop hiphop/hiphop.00005.au
hiphop06 hiphop hiphop/hiphop.00006.au
hiphop07 hiphop hiphop/hiphop.00007.au
hiphop08 hiphop hiphop/hiphop.00008.au
hiphop09 hiphop hiphop/hiphop.00009.au
hiphop10 hiphop hiphop/hiphop.00010.au
hiphop11 hiphop hiphop/hiphop.00011.au
hiphop12 hiphop hiphop/hiphop.00012.au
hiphop13 hiphop hiphop/hiphop.00013.au
hiphop14 hiphop hiphop/hiphop.00014.au
hiphop15 hiphop hiphop/hiphop.00015.au
hiphop16 hiphop hiphop/hiphop.00016.au
hiphop17 hiphop hiphop/hiphop.00017.au
hiphop18 hiphop hiphop/hiphop.00018.au
hiphop19 hiphop hiphop/hiphop.00019.au
hiphop20 hiphop hiphop/hiphop.00020.au
hiphop21 hiphop hiphop/hiphop.00021.au
hiphop22 hiphop hiphop/hiphop.00022.au
hiphop23 hiphop hiphop/hiphop.00023.au
hiphop24 hiphop hiphop/hiphop.00024.au
hiphop25 hiphop hiphop/hiphop.00025.au
hiphop26 hiphop hiphop/hiphop.00026.au
hiphop27 hiphop hiphop/hiphop.00027.au
hiphop28 hiphop hiphop/hiphop.00028.au
hiphop29 hiphop hiphop/hiphop.00029.au
hiphop30 hiphop hiphop/hiphop.00030.au
hiphop31 hiphop hiphop/hiphop.00031.au
hiphop32 hiphop hiphop/hiphop.00032.au
hiphop33 hiphop hiphop/hiphop.00033.au
hiphop34 hiphop hiphop/hiphop.00034.au
hiphop35 hiphop hiphop/hiphop.00035.au
hiphop36 hiphop hiphop/hiphop.00036.au
hiphop37 hiphop hiphop/hiphop.00037.au
hiphop38 hiphop hiphop/hiphop.00038.au
hiphop39 hiphop hiphop/hiphop.00039.au
hiphop40 hiphop hiphop/hiphop.00040.au
hiphop41 hiphop hiphop/hiphop.00041.au
hiphop42 hiphop hiphop/hiphop.00042.au
hiphop43 hiphop hiphop/hiphop.00043.au
hiphop44 hiphop hiphop/hiphop.00044.au
hiphop45 hiphop hiphop/hiphop.00045.au
hiphop46 hiphop hiphop/hiphop.00046.au
hiphop47 hiphop hiphop/hiphop.00047.au
hiphop48 hiphop hiphop/hiphop.00048.au
hiphop49 hiphop hiphop/hiphop.00049.au
hiphop50 hiphop hiphop/hiphop.00050.au
hiphop51 hiphop hiphop/hiphop.00051.au
hiphop52 hiphop hiphop/hiphop.00052.au
hiphop53 hiphop hiphop/hiphop.00053.au
hiphop54 hiphop hiphop/hiphop.00054.au
hiphop55 hiphop hiphop/hiphop.00055.au
hiphop56 hiphop hiphop/hiphop.00056.au
hiphop57 hiphop hiphop/hiphop.00057.au
hiphop58 hiphop hiphop/hiphop.00058.au
hiphop59 hiphop hiphop/hiphop.00059.au
hiphop60 hiphop hiphop/hiphop.00060.au
hiphop61 hiphop hiphop/hiphop.00061.au
hiphop62 hiphop hiphop/hiphop.00062.au
hiphop63 hiphop hiphop/hiphop.00063.au
hiphop64 hiphop hiphop/hiphop.00064.au
hiphop65 hiphop hiphop/hiphop.00065.au
hiphop66 hiphop hiphop/hiphop.00066.au
hiphop67 hiphop hiphop/hiphop.00067.au
hiphop68 hiphop hiphop/hiphop.00068.au
hiphop69 hiphop hiphop/hiphop.00069.au
hiphop70 hiphop hiphop/hiphop.00070.au
hiphop71 hiphop hiphop/hiphop.00071.au
hiphop72 hiphop hiphop/hiphop.00072.au
hiphop73 hiphop hiphop/hiphop.00073.au
hiphop74 hiphop hiphop/hiphop.00074.au
hiphop75 hiphop hiphop/hiphop.00075.au
hiphop76 hiphop hiphop/hiphop.00076.au
hiphop77 hiphop hiphop/hiphop.00077.au
hiphop78 hiphop hiphop/hiphop.00078.au
hiphop79 hiphop hiphop/hiphop.00079.au
hiphop80 hiphop hiphop/hiphop.00080.au
hiphop81 hiphop hiphop/hiphop.00081.au
hiphop82 hiphop hiphop/hiphop.00082.au
hiphop83 hiphop hiphop/hiphop.00083.au
hiphop84 hiphop hiphop/hiphop.00084.au
hiphop85 hiphop hiphop/hiphop.00085.au
hiphop86 hiphop hiphop/hiphop.00086.au
hiphop87 hiphop hiphop/hiphop.00087.au
hiphop88 hiphop hiphop/hiphop.00088.au
hiphop89 hiphop hiphop/hiphop.00089.au
hiphop90 hiphop hiphop/hiphop.00090.au
hiphop91 hiphop hiphop/hiphop.00091.au
hiphop92 hiphop hiphop/hiphop.00092.au
hiphop93 hiphop hiphop/hiphop.00093.au
hiphop94 hiphop hiphop/hiphop.00094.au
hiphop95 hiphop hiphop/hiphop.00095.au
hiphop96 hiphop hiphop/hiphop.00096.au
hiphop97 hiphop hiphop/hiphop.00097.au
hiphop98 hiphop hiphop/hiphop.00098.au
hiphop99 hiphop hiphop/hiphop.00099.au
jazz00 jazz jazz/jazz.00000.au
jazz01 jazz jazz/jazz.00001.au
jazz02 jazz jazz/jazz.00002.au
jazz03 jazz jazz/jazz.00003.au
jazz04 jazz jazz/jazz.00004.au
jazz05 jazz jazz/jazz.00005.au
jazz06 jazz jazz/jazz.00006.au
jazz07 jazz jazz/jazz.00007.au
jazz08 jazz jazz/jazz.00008.au
jazz09 jazz jazz/jazz.00009.au
jazz10 jazz jazz/jazz.00010.au
jazz11 jazz jazz/jazz.00011.au
jazz12 jazz jazz/jazz.00012.au
jazz13 jazz jazz/jazz.00013.au
jazz14 jazz jazz/jazz.00014.au
jazz15 jazz jazz/jazz.00015.au
jazz16 jazz jazz/jazz.00016.au
jazz17 jazz jazz/jazz.00017.au
jazz18 jazz jazz/jazz.00018.au
jazz19 jazz jazz/jazz.00019.au
jazz20 jazz jazz/jazz.00020.au
jazz21 jazz jazz/jazz.00021.au
jazz22 jazz jazz/jazz.00022.au
jazz23 jazz jazz/jazz.00023.au
jazz24 jazz jazz/jazz.00024.au
jazz25 jazz jazz/jazz.00025.au
jazz26 jazz jazz/jazz.00026.au
jazz27 jazz jazz/jazz.00027.au
jazz28 jazz jazz/jazz.00028.au
jazz29 jazz jazz/jazz.00029.au
jazz30 jazz jazz/jazz.00030.au
jazz31 jazz jazz/jazz.00031.au
jazz32 jazz jazz/jazz.00032.au
jazz33 jazz jazz/jazz.00033.au
jazz34 jazz jazz/jazz.00034.au
jazz35 jazz jazz/jazz.00035.au
jazz36 jazz jazz/jazz.00036.au
jazz37 jazz jazz/jazz.00037.au
jazz38 jazz jazz/jazz.00038.au
jazz39 jazz jazz/jazz.00039.au
jazz40 jazz jazz/jazz.00040.au
jazz41 jazz jazz/jazz.00041.au
jazz42 jazz jazz/jazz.00042.au
jazz43 jazz jazz/jazz.00043.au
jazz44 jazz jazz/jazz.00044.au
jazz45 jazz jazz/jazz.00045.au
jazz46 jazz jazz/jazz.00046.au
jazz47 jazz jazz/jazz.00047.au
jazz48 jazz jazz/jazz.00048.au
jazz49 jazz jazz/jazz.00049.au
jazz50 jazz jazz/jazz.00050.au
jazz51 jazz jazz/jazz.00051.au
jazz52 jazz jazz/jazz.00052.au
jazz53 jazz jazz/jazz.00053.au
jazz54 jazz jazz/jazz.00054.au
jazz55 jazz jazz/jazz.00055.au
jazz56 jazz jazz/jazz.00056.au
jazz57 jazz jazz/jazz.00057.au
jazz58 jazz jazz/jazz.00058.au
jazz59 jazz jazz/jazz.00059.au
jazz60 jazz jazz/jazz.00060.au
jazz61 jazz jazz/jazz.00061.au
jazz62 jazz jazz/jazz.00062.au
jazz63 jazz jazz/jazz.00063.au
jazz64 jazz jazz/jazz.00064.au
jazz65 jazz jazz/jazz.00065.au
jazz66 jazz jazz/jazz.00066.au
jazz67 jazz jazz/jazz.00067.au
jazz68 jazz jazz/jazz.00068.au
jazz69 jazz jazz/jazz.00069.au
jazz70 jazz jazz/jazz.00070.au
jazz71 jazz jazz/jazz.00071.au
jazz72 jazz jazz/jazz.00072.au
jazz73 jazz jazz/jazz.00073.au
jazz74 jazz jazz/jazz.00074.au
jazz75 jazz jazz/jazz.00075.au
jazz76 jazz jazz/jazz.00076.au
jazz77 jazz jazz/jazz.00077.au
jazz78 jazz jazz/jazz.00078.au
jazz79 jazz jazz/jazz.00079.au
jazz80 jazz jazz/jazz.00080.au
jazz81 jazz jazz/jazz.00081.au
jazz82 jazz jazz/jazz.00082.au
jazz83 jazz jazz/jazz.00083.au
jazz84 jazz jazz/jazz.00084.au
jazz85 jazz jazz/jazz.00085.au
jazz86 jazz jazz/jazz.00086.au
jazz87 jazz jazz/jazz.00087.au
jazz88 jazz jazz/jazz.00088.au
jazz89 jazz jazz/jazz.00089.au
jazz90 jazz jazz/jazz.00090.au
jazz91 jazz jazz/jazz.00091.au
jazz92 jazz jazz/jazz.00092.au
jazz93 jazz jazz/jazz.00093.au
jazz94 jazz jazz/jazz.00094.au
jazz95 jazz jazz/jazz.00095.au
jazz96 jazz jazz/jazz.00096.au
jazz97 jazz jazz/jazz.00097.au
jazz98 jazz jazz/jazz.00098.au
jazz99 jazz jazz/jazz.00099.au
metal00 metal metal/metal.00000.au
metal01 metal metal/metal.00001.au
metal02 metal metal/metal.00002.au
metal03 metal metal/metal.00003.au
metal04 metal metal/metal.00004.au
metal05 metal metal/metal.00005.au
metal06 metal metal/metal.00006.au
metal07 metal metal/metal.00007.au
metal08 metal metal/metal.00008.au
metal09 metal metal/metal.00009.au
metal10 metal metal/metal.00010.au
metal11 metal metal/metal.00011.au
metal12 metal metal/metal.00012.au
metal13 metal metal/metal.00013.au
metal14 metal metal/metal.00014.au
metal15 metal metal/metal.00015.au
metal16 metal metal/metal.00016.au
metal17 metal metal/metal.00017.au
metal18 metal metal/metal.00018.au
metal19 metal metal/metal.00019.au
metal20 metal metal/metal.00020.au
metal21 metal metal/metal.00021.au
metal22 metal metal/metal.00022.au
metal23 metal metal/metal.00023.au
metal24 metal metal/metal.00024.au
metal25 metal metal/metal.00025.au
metal26 metal metal/metal.00026.au
metal27 metal metal/metal.00027.au
metal28 metal metal/metal.00028.au
metal29 metal metal/metal.00029.au
metal30 metal metal/metal.00030.au
metal31 metal metal/metal.00031.au
metal32 metal metal/metal.00032.au
metal33 metal metal/metal.00033.au
metal34 metal metal/metal.00034.au
metal35 metal metal/metal.00035.au
metal36 metal metal/metal.00036.au
metal37 metal metal/metal.00037.au
metal38 metal metal/metal.00038.au
metal39 metal metal/metal.00039.au
metal40 metal metal/metal.00040.au
metal41 metal metal/metal.00041.au
metal42 metal metal/metal.00042.au
metal43 metal metal/metal.00043.au
metal44 metal metal/metal.00044.au
metal45 metal metal/metal.00045.au
metal46 metal metal/metal.00046.au
metal47 metal metal/metal.00047.au
metal48 metal metal/metal.00048.au
metal49 metal metal/metal.00049.au
metal50 metal metal/metal.00050.au
metal51 metal metal/metal.00051.au
metal52 metal metal/metal.00052.au
metal53 metal metal/metal.00053.au
metal54 metal metal/metal.00054.au
metal55 metal metal/metal.00055.au
metal56 metal metal/metal.00056.au
metal57 metal metal/metal.00057.au
metal58 metal metal/metal.00058.au
metal59 metal metal/metal.00059.au
metal60 metal metal/metal.00060.au
metal61 metal metal/metal.00061.au
metal62 metal metal/metal.00062.au
metal63 metal metal/metal.00063.au
metal64 metal metal/metal.00064.au
metal65 metal metal/metal.00065.au
metal66 metal metal/metal.00066.au
metal67 metal metal/metal.00067.au
metal68 metal metal/metal.00068.au
metal69 metal metal/metal.00069.au
metal70 metal metal/metal.00070.au
metal71 metal metal/metal.00071.au
metal72 metal metal/metal.00072.au
metal73 metal metal/metal.00073.au
metal74 metal metal/metal.00074.au
metal75 metal metal/metal.00075.au
metal76 metal metal/metal.00076.au
metal77 metal metal/metal.00077.au
metal78 metal metal/metal.00078.au
metal79 metal metal/metal.00079.au
metal80 metal metal/metal.00080.au
metal81 metal metal/metal.00081.au
metal82 metal metal/metal.00082.au
metal83 metal metal/metal.00083.au
metal84 metal metal/metal.00084.au
metal85 metal metal/metal.00085.au
metal86 metal metal/metal.00086.au
metal87 metal metal/metal.00087.au
metal88 metal metal/metal.00088.au
metal89 metal metal/metal.00089.au
metal90 metal metal/metal.00090.au
metal91 metal metal/metal.00091.au
metal92 metal metal/metal.00092.au
metal93 metal metal/metal.00093.au
metal94 metal metal/metal.00094.au
metal95 metal metal/metal.00095.au
metal96 metal metal/metal.00096.au
metal97 metal metal/metal.00097.au
metal98 metal metal/metal.00098.au
metal99 metal metal/metal.00099.au
pop00 pop pop/pop.00000.au
pop01 pop pop/pop.00001.au
pop02 pop pop/pop.00002.au
pop03 pop pop/pop.00003.au
pop04 pop pop/pop.00004.au
pop05 pop pop/pop.00005.au
pop06 pop pop/pop.00006.au
pop07 pop pop/pop.00007.au
pop08 pop pop/pop.00008.au
pop09 pop pop/pop.00009.au
pop10 pop pop/pop.00010.au
pop11 pop pop/pop.00011.au
pop12 pop pop/pop.00012.au
pop13 pop pop/pop.00013.au
pop14 pop pop/pop.00014.au
pop15 pop pop/pop.00015.au
pop16 pop pop/pop.00016.au
pop17 pop pop/pop.00017.au
pop18 pop pop/pop.00018.au
pop19 pop pop/pop.00019.au
pop20 pop pop/pop.00020.au
pop21 pop pop/pop.00021.au
pop22 pop pop/pop.00022.au
pop23 pop pop/pop.00023.au
pop24 pop pop/pop.00024.au
pop25 pop pop/pop.00025.au
pop26 pop pop/pop.00026.au
pop27 pop pop/pop.00027.au
pop28 pop pop/pop.00028.au
pop29 pop pop/pop.00029.au
pop30 pop pop/pop.00030.au
pop31 pop pop/pop.00031.au
pop32 pop pop/pop.00032.au
pop33 pop pop/pop.00033.au
pop34 pop pop/pop.00034.au
pop35 pop pop/pop.00035.au
pop36 pop pop/pop.00036.au
pop37 pop pop/pop.00037.au
pop38 pop pop/pop.00038.au
pop39 pop pop/pop.00039.au
pop40 pop pop/pop.00040.au
pop41 pop pop/pop.00041.au
pop42 pop pop/pop.00042.au
pop43 pop pop/pop.00043.au
pop44 pop pop/pop.00044.au
pop45 pop pop/pop.00045.au
pop46 pop pop/pop.00046.au
pop47 pop pop/pop.00047.au
pop48 pop pop/pop.00048.au
pop49 pop pop/pop.00049.au
pop50 pop pop/pop.00050.au
pop51 pop pop/pop.00051.au
pop52 pop pop/pop.00052.au
pop53 pop pop/pop.00053.au
pop54 pop pop/pop.00054.au
pop55 pop pop/pop.00055.au
pop56 pop pop/pop.00056.au
pop57 pop pop/pop.00057.au
pop58 pop pop/pop.00058.au
pop59 pop pop/pop.00059.au
pop60 pop pop/pop.00060.au
pop61 pop pop/pop.00061.au
pop62 pop pop/pop.00062.au
pop63 pop pop/pop.00063.au
pop64 pop pop/pop.00064.au
pop65 pop pop/pop.00065.au
pop66 pop pop/pop.00066.au
pop67 pop pop/pop.00067.au
pop68 pop pop/pop.00068.au
pop69 pop pop/pop.00069.au
pop70 pop pop/pop.00070.au
pop71 pop pop/pop.00071.au
pop72 pop pop/pop.00072.au
pop73 pop pop/pop.00073.au
pop74 pop pop/pop.00074.au
pop75 pop pop/pop.00075.au
pop76 pop pop/pop.00076.au
pop77 pop pop/pop.00077.au
pop78 pop pop/pop.00078.au
pop79 pop pop/pop.00079.au
pop80 pop pop/pop.00080.au
pop81 pop pop/pop.00081.au
pop82 pop pop/pop.00082.au
pop83 pop pop/pop.00083.au
pop84 pop pop/pop.00084.au
pop85 pop pop/pop.00085.au
pop86 pop pop/pop.00086.au
pop87 pop pop/pop.00087.au
pop88 pop pop/pop.00088.au
pop89 pop pop/pop.00089.au
pop90 pop pop/pop.00090.au
pop91 pop pop/pop.00091.au
pop92 pop pop/pop.00092.au
pop93 pop pop/pop.00093.au
pop94 pop pop/pop.00094.au
pop95 pop pop/pop.00095.au
pop96 pop pop/pop.00096.au
pop97 pop pop/pop.00097.au
pop98 pop pop/pop.00098.au
pop99 pop pop/pop.00099.au
reggae00 reggae reggae/reggae.00000.au
reggae01 reggae reggae/reggae.00001.au
reggae02 reggae reggae/reggae.00002.au
reggae03 reggae reggae/reggae.00003.au
reggae04 reggae reggae/reggae.00004.au
reggae05 reggae reggae/reggae.00005.au
reggae06 reggae reggae/reggae.00006.au
reggae07 reggae reggae/reggae.00007.au
reggae08 reggae reggae/reggae.00008.au
reggae09 reggae reggae/reggae.00009.au
reggae10 reggae reggae/reggae.00010.au
reggae11 reggae reggae/reggae.00011.au
reggae12 reggae reggae/reggae.00012.au
reggae13 reggae reggae/reggae.00013.au
reggae14 reggae reggae/reggae.00014.au
reggae15 reggae reggae/reggae.00015.au
reggae16 reggae reggae/reggae.00016.au
reggae17 reggae reggae/reggae.00017.au
reggae18 reggae reggae/reggae.00018.au
reggae19 reggae reggae/reggae.00019.au
reggae20 reggae reggae/reggae.00020.au
reggae21 reggae reggae/reggae.00021.au
reggae22 reggae reggae/reggae.00022.au
reggae23 reggae reggae/reggae.00023.au
reggae24 reggae reggae/reggae.00024.au
reggae25 reggae reggae/reggae.00025.au
reggae26 reggae reggae/reggae.00026.au
reggae27 reggae reggae/reggae.00027.au
reggae28 reggae reggae/reggae.00028.au
reggae29 reggae reggae/reggae.00029.au
reggae30 reggae reggae/reggae.00030.au
reggae31 reggae reggae/reggae.00031.au
reggae32 reggae reggae/reggae.00032.au
reggae33 reggae reggae/reggae.00033.au
reggae34 reggae reggae/reggae.00034.au
reggae35 reggae reggae/reggae.00035.au
reggae36 reggae reggae/reggae.00036.au
reggae37 reggae reggae/reggae.00037.au
reggae38 reggae reggae/reggae.00038.au
reggae39 reggae reggae/reggae.00039.au
reggae40 reggae reggae/reggae.00040.au
reggae41 reggae reggae/reggae.00041.au
reggae42 reggae reggae/reggae.00042.au
reggae43 reggae reggae/reggae.00043.au
reggae44 reggae reggae/reggae.00044.au
reggae45 reggae reggae/reggae.00045.au
reggae46 reggae reggae/reggae.00046.au
reggae47 reggae reggae/reggae.00047.au
reggae48 reggae reggae/reggae.00048.au
reggae49 reggae reggae/reggae.00049.au
reggae50 reggae reggae/reggae.00050.au
reggae51 reggae reggae/reggae.00051.au
reggae52 reggae reggae/reggae.00052.au
reggae53 reggae reggae/reggae.00053.au
reggae54 reggae reggae/reggae.00054.au
reggae55 reggae reggae/reggae.00055.au
reggae56 reggae reggae/reggae.00056.au
reggae57 reggae reggae/reggae.00057.au
reggae58 reggae reggae/reggae.00058.au
reggae59 reggae reggae/reggae.00059.au
reggae60 reggae reggae/reggae.00060.au
reggae61 reggae reggae/reggae.00061.au
reggae62 reggae reggae/reggae.00062.au
reggae63 reggae reggae/reggae.00063.au
reggae64 reggae reggae/reggae.00064.au
reggae65 reggae reggae/reggae.00065.au
reggae66 reggae reggae/reggae.00066.au
reggae67 reggae reggae/reggae.00067.au
reggae68 reggae reggae/reggae.00068.au
reggae69 reggae reggae/reggae.00069.au
reggae70 reggae reggae/reggae.00070.au
reggae71 reggae reggae/reggae.00071.au
reggae72 reggae reggae/reggae.00072.au
reggae73 reggae reggae/reggae.00073.au
reggae74 reggae reggae/reggae.00074.au
reggae75 reggae reggae/reggae.00075.au
reggae76 reggae reggae/reggae.00076.au
reggae77 reggae reggae/reggae.00077.au
reggae78 reggae reggae/reggae.00078.au
reggae79 reggae reggae/reggae.00079.au
reggae80 reggae reggae/reggae.00080.au
reggae81 reggae reggae/reggae.00081.au
reggae82 reggae reggae/reggae.00082.au
reggae83 reggae reggae/reggae.00083.au
reggae84 reggae reggae/reggae.00084.au
reggae85 reggae reggae/reggae.00085.au
reggae86 reggae reggae/reggae.00086.au
reggae87 reggae reggae/reggae.00087.au
reggae88 reggae reggae/reggae.00088.au
reggae89 reggae reggae/reggae.00089.au
reggae90 reggae reggae/reggae.00090.au
reggae91 reggae reggae/reggae.00091.au
reggae92 reggae reggae/reggae.00092.au
reggae93 reggae reggae/reggae.00093.au
reggae94 reggae reggae/reggae.00094.au
reggae95 reggae reggae/reggae.00095.au
reggae96 reggae reggae/reggae.00096.au
reggae97 reggae reggae/reggae.00097.au
reggae98 reggae reggae/reggae.00098.au
reggae99 reggae reggae/reggae.00099.au
rock00 rock rock/rock.00000.au
rock01 rock rock/rock.00001.au
rock02 rock rock/rock.00002.au
rock03 rock rock/rock.00003.au
rock04 rock rock/rock.00004.au
rock05 rock rock/rock.00005.au
rock06 rock rock/rock.00006.au
rock07 rock rock/rock.00007.au
rock08 rock rock/rock.00008.au
rock09 rock rock/rock.00009.au
rock10 rock rock/rock.00010.au
rock11 rock rock/rock.00011.au
rock12 rock rock/rock.00012.au
rock13 rock rock/rock.00013.au
rock14 rock rock/rock.00014.au
rock15 rock rock/rock.00015.au
rock16 rock rock/rock.00016.au
rock17 rock rock/rock.00017.au
rock18 rock rock/rock.00018.au
rock19 rock rock/rock.00019.au
rock20 rock rock/rock.00020.au
rock21 rock rock/rock.00021.au
rock22 rock rock/rock.00022.au
rock23 rock rock/rock.00023.au
rock24 rock rock/rock.00024.au
rock25 rock rock/rock.00025.au
rock26 rock rock/rock.00026.au
rock27 rock rock/rock.00027.au
rock28 rock rock/rock.00028.au
rock29 rock rock/rock.00029.au
rock30 rock rock/rock.00030.au
rock31 rock rock/rock.00031.au
rock32 rock rock/rock.00032.au
rock33 rock rock/rock.00033.au
rock34 rock rock/rock.00034.au
rock35 rock rock/rock.00035.au
rock36 rock rock/rock.00036.au
rock37 rock rock/rock.00037.au
rock38 rock rock/rock.00038.au
rock39 rock rock/rock.00039.au
rock40 rock rock/rock.00040.au
rock41 rock rock/rock.00041.au
rock42 rock rock/rock.00042.au
rock43 rock rock/rock.00043.au
rock44 rock rock/rock.00044.au
rock45 rock rock/rock.00045.au
rock46 rock rock/rock.00046.au
rock47 rock rock/rock.00047.au
rock48 rock rock/rock.00048.au
rock49 rock rock/rock.00049.au
rock50 rock rock/rock.00050.au
rock51 rock rock/rock.00051.au
rock52 rock rock/rock.00052.au
rock53 rock rock/rock.00053.au
rock54 rock rock/rock.00054.au
rock55 rock rock/rock.00055.au
rock56 rock rock/rock.00056.au
rock57 rock rock/rock.00057.au
rock58 rock rock/rock.00058.au
rock59 rock rock/rock.00059.au
rock60 rock rock/rock.00060.au
rock61 rock rock/rock.00061.au
rock62 rock rock/rock.00062.au
rock63 rock rock/rock.00063.au
rock64 rock rock/rock.00064.au
rock65 rock rock/rock.00065.au
rock66 rock rock/rock.00066.au
rock67 rock rock/rock.00067.au
rock68 rock rock/rock.00068.au
rock69 rock rock/rock.00069.au
rock70 rock rock/rock.00070.au
rock71 rock rock/rock.00071.au
rock72 rock rock/rock.00072.au
rock73 rock rock/rock.00073.au
rock74 rock rock/rock.00074.au
rock75 rock rock/rock.00075.au
rock76 rock rock/rock.00076.au
rock77 rock rock/rock.00077.au
rock78 rock rock/rock.00078.au
rock79 rock rock/rock.00079.au
rock80 rock rock/rock.00080.au
rock81 rock rock/rock.00081.au
rock82 rock rock/rock.00082.au
rock83 rock rock/rock.00083.au
rock84 rock rock/rock.00084.au
rock85 rock rock/rock.00085.au
rock86 rock rock/rock.00086.au
rock87 rock rock/rock.00087.au
rock88 rock rock/rock.00088.au
rock89 rock rock/rock.00089.au
rock90 rock rock/rock.00090.au
rock91 rock rock/rock.00091.au
rock92 rock rock/rock.00092.au
rock93 rock rock/rock.00093.au
rock94 rock rock/rock.00094.au
rock95 rock rock/rock.00095.au
rock96 rock rock/rock.00096.au
rock97 rock rock/rock.00097.au
rock98 rock rock/rock.00098.au
rock99 rock rock/rock.00099.au
